2026-08-30T15:20:31.170202Z  INFO herdr::api::server: api server listening path=/home/th3g3ntl3man/.config/herdr/herdr.sock
2026-08-30T15:20:31.171982Z  INFO herdr::app: using pane scrollback configuration pane_scrollback_limit_bytes=10000000
2026-08-30T15:20:31.219310Z  INFO herdr::logging: checking for updates event="update.check.start" subsystem="update" outcome="started"
2026-08-30T15:20:31.221788Z  INFO herdr::logging: spawning pane terminal event="pane.spawn.start" subsystem="pane" outcome="started" pane_id=1 rows=40 cols=120 scrollback_limit_bytes=10000000
2026-08-30T15:20:31.225667Z  INFO herdr::logging: pane child spawned event="pane.spawned" subsystem="pane" outcome="ok" pane_id=1 pid=72583
2026-08-30T15:20:31.226320Z  INFO herdr::logging: workspace created event="workspace.create" subsystem="workspace" outcome="ok" workspace_id="w1" pane_id=1
2026-08-30T15:20:31.226331Z  INFO herdr::logging: workspace focused event="workspace.focus" subsystem="workspace" outcome="ok" workspace_id="w1"
2026-08-30T15:20:31.226341Z  INFO herdr::logging: tab focused event="tab.focus" subsystem="tab" outcome="ok" workspace_id="w1" tab_id="w1:t1"
2026-08-30T15:20:31.226345Z  INFO herdr::server::headless: created startup workspace cwd=/home/th3g3ntl3man/Code/symphony
2026-08-30T15:20:31.226395Z  INFO herdr::server::headless: client protocol socket listening path=/home/th3g3ntl3man/.config/herdr/herdr-client.sock
2026-08-30T15:20:31.226417Z  INFO herdr::server::headless: herdr server started api_socket=/home/th3g3ntl3man/.config/herdr/herdr.sock client_socket=/home/th3g3ntl3man/.config/herdr/herdr-client.sock
2026-08-30T15:20:31.228313Z  INFO herdr::logging: herdr starting event="app.startup" subsystem="server" outcome="started" pid=72555
2026-08-30T15:20:31.323832Z  INFO herdr::server::headless: client connected client_id=2 cols=167 rows=41 cell_width_px=0 cell_height_px=0 render_encoding=SemanticFrame
2026-08-30T15:20:36.231675Z  INFO herdr::logging: session saved event="persist.save" subsystem="persist" outcome="ok" path=/home/th3g3ntl3man/.config/herdr/session.json workspaces=1
2026-08-30T15:20:38.297643Z  INFO herdr::pane: agent changed pane=1 previous_agent=None agent=Some(OpenCode) process=opencode pgid=Some(72857)
2026-08-30T15:21:27.851991Z  INFO herdr::logging: spawning pane terminal event="pane.spawn.start" subsystem="pane" outcome="started" pane_id=2 rows=40 cols=141 scrollback_limit_bytes=10000000
2026-08-30T15:21:27.852860Z  INFO herdr::logging: pane child spawned event="pane.spawned" subsystem="pane" outcome="ok" pane_id=2 pid=73108
2026-08-30T15:21:27.853050Z  INFO herdr::logging: tab focused event="tab.focus" subsystem="tab" outcome="ok" workspace_id="w1" tab_id="w1:t2"
2026-08-30T15:21:30.612029Z  INFO herdr::logging: tab focused event="tab.focus" subsystem="tab" outcome="ok" workspace_id="w1" tab_id="w1:t1"
2026-08-30T15:21:31.572982Z  INFO herdr::logging: tab focused event="tab.focus" subsystem="tab" outcome="ok" workspace_id="w1" tab_id="w1:t2"
2026-08-30T15:21:36.575236Z  INFO herdr::logging: session saved event="persist.save" subsystem="persist" outcome="ok" path=/home/th3g3ntl3man/.config/herdr/session.json workspaces=1
2026-08-30T15:21:39.221563Z  INFO herdr::logging: tab focused event="tab.focus" subsystem="tab" outcome="ok" workspace_id="w1" tab_id="w1:t1"
2026-08-30T15:21:40.076605Z  INFO herdr::logging: tab focused event="tab.focus" subsystem="tab" outcome="ok" workspace_id="w1" tab_id="w1:t2"
2026-08-30T15:21:45.078292Z  INFO herdr::logging: session saved event="persist.save" subsystem="persist" outcome="ok" path=/home/th3g3ntl3man/.config/herdr/session.json workspaces=1
2026-08-30T15:21:45.448016Z  INFO herdr::logging: tab focused event="tab.focus" subsystem="tab" outcome="ok" workspace_id="w1" tab_id="w1:t1"
2026-08-30T15:21:50.450815Z  INFO herdr::logging: session saved event="persist.save" subsystem="persist" outcome="ok" path=/home/th3g3ntl3man/.config/herdr/session.json workspaces=1
2026-08-30T15:21:55.677288Z  INFO herdr::logging: tab focused event="tab.focus" subsystem="tab" outcome="ok" workspace_id="w1" tab_id="w1:t2"
2026-08-30T15:21:57.101575Z  INFO herdr::logging: tab focused event="tab.focus" subsystem="tab" outcome="ok" workspace_id="w1" tab_id="w1:t1"
2026-08-30T15:21:58.002576Z  INFO herdr::logging: tab focused event="tab.focus" subsystem="tab" outcome="ok" workspace_id="w1" tab_id="w1:t2"
2026-08-30T15:22:03.004202Z  INFO herdr::logging: session saved event="persist.save" subsystem="persist" outcome="ok" path=/home/th3g3ntl3man/.config/herdr/session.json workspaces=1
2026-08-30T15:23:53.535619Z  INFO herdr::logging: tab focused event="tab.focus" subsystem="tab" outcome="ok" workspace_id="w1" tab_id="w1:t1"
2026-08-30T15:23:58.537182Z  INFO herdr::logging: session saved event="persist.save" subsystem="persist" outcome="ok" path=/home/th3g3ntl3man/.config/herdr/session.json workspaces=1
2026-08-30T15:24:13.517778Z  INFO herdr::logging: tab focused event="tab.focus" subsystem="tab" outcome="ok" workspace_id="w1" tab_id="w1:t2"
2026-08-30T15:24:15.915782Z  INFO herdr::logging: tab focused event="tab.focus" subsystem="tab" outcome="ok" workspace_id="w1" tab_id="w1:t1"
2026-08-30T15:24:20.918771Z  INFO herdr::logging: session saved event="persist.save" subsystem="persist" outcome="ok" path=/home/th3g3ntl3man/.config/herdr/session.json workspaces=1
2026-08-30T15:24:26.326739Z  INFO herdr::logging: tab focused event="tab.focus" subsystem="tab" outcome="ok" workspace_id="w1" tab_id="w1:t2"
2026-08-30T15:24:31.328379Z  INFO herdr::logging: session saved event="persist.save" subsystem="persist" outcome="ok" path=/home/th3g3ntl3man/.config/herdr/session.json workspaces=1
2026-08-30T15:24:49.111864Z  INFO herdr::logging: tab focused event="tab.focus" subsystem="tab" outcome="ok" workspace_id="w1" tab_id="w1:t1"
2026-08-30T15:24:54.112731Z  INFO herdr::logging: session saved event="persist.save" subsystem="persist" outcome="ok" path=/home/th3g3ntl3man/.config/herdr/session.json workspaces=1
2026-08-30T15:25:06.437508Z  INFO herdr::logging: tab focused event="tab.focus" subsystem="tab" outcome="ok" workspace_id="w1" tab_id="w1:t2"
2026-08-30T15:25:11.439579Z  INFO herdr::logging: session saved event="persist.save" subsystem="persist" outcome="ok" path=/home/th3g3ntl3man/.config/herdr/session.json workspaces=1
2026-08-30T15:27:15.577351Z  INFO herdr::logging: tab focused event="tab.focus" subsystem="tab" outcome="ok" workspace_id="w1" tab_id="w1:t1"
2026-08-30T15:27:20.579527Z  INFO herdr::logging: session saved event="persist.save" subsystem="persist" outcome="ok" path=/home/th3g3ntl3man/.config/herdr/session.json workspaces=1
2026-08-30T15:32:13.062728Z  INFO herdr::logging: tab focused event="tab.focus" subsystem="tab" outcome="ok" workspace_id="w1" tab_id="w1:t2"
2026-08-30T15:32:18.063562Z  INFO herdr::logging: session saved event="persist.save" subsystem="persist" outcome="ok" path=/home/th3g3ntl3man/.config/herdr/session.json workspaces=1
2026-08-30T15:33:52.400463Z  INFO herdr::logging: tab focused event="tab.focus" subsystem="tab" outcome="ok" workspace_id="w1" tab_id="w1:t1"
2026-08-30T15:33:57.401747Z  INFO herdr::logging: session saved event="persist.save" subsystem="persist" outcome="ok" path=/home/th3g3ntl3man/.config/herdr/session.json workspaces=1
2026-08-30T15:38:12.295692Z  INFO herdr::server::headless: client resize client_id=2 cols=83 rows=41 cell_width_px=0 cell_height_px=0
2026-08-30T15:38:20.100700Z  INFO herdr::server::headless: client resize client_id=2 cols=167 rows=41 cell_width_px=0 cell_height_px=0
2026-08-30T15:50:31.221369Z  INFO herdr::logging: checking for updates event="update.check.start" subsystem="update" outcome="started"
2026-08-30T15:51:51.281740Z  INFO herdr::logging: tab focused event="tab.focus" subsystem="tab" outcome="ok" workspace_id="w1" tab_id="w1:t2"
2026-08-30T15:51:56.282750Z  INFO herdr::logging: session saved event="persist.save" subsystem="persist" outcome="ok" path=/home/th3g3ntl3man/.config/herdr/session.json workspaces=1
2026-08-30T15:57:08.000769Z  INFO herdr::logging: spawning pane terminal event="pane.spawn.start" subsystem="pane" outcome="started" pane_id=3 rows=40 cols=141 scrollback_limit_bytes=10000000
2026-08-30T15:57:08.001711Z  INFO herdr::logging: pane child spawned event="pane.spawned" subsystem="pane" outcome="ok" pane_id=3 pid=100130
2026-08-30T15:57:08.001912Z  INFO herdr::logging: tab focused event="tab.focus" subsystem="tab" outcome="ok" workspace_id="w1" tab_id="w1:t2"
2026-08-30T15:57:13.006553Z  INFO herdr::logging: session saved event="persist.save" subsystem="persist" outcome="ok" path=/home/th3g3ntl3man/.config/herdr/session.json workspaces=1
2026-08-30T15:58:07.326299Z  INFO herdr::app::actions: copied selection to clipboard
2026-08-30T15:58:56.799523Z  INFO herdr::logging: pane child exited event="pane.exit" subsystem="pane" outcome="completed" pane_id=3 status="ExitStatus { code: 1, signal: None }"
2026-08-30T15:58:56.801422Z  INFO herdr::pane: pane session terminated pane=3 pid=100130 signal=Hangup
2026-08-30T15:58:56.801546Z  WARN herdr::app::actions: PaneDied for unknown pane pane=3
2026-08-30T15:58:58.795423Z  INFO herdr::logging: tab focused event="tab.focus" subsystem="tab" outcome="ok" workspace_id="w1" tab_id="w1:t1"
2026-08-30T15:59:03.796439Z  INFO herdr::logging: session saved event="persist.save" subsystem="persist" outcome="ok" path=/home/th3g3ntl3man/.config/herdr/session.json workspaces=1
2026-08-30T15:59:36.565766Z  INFO herdr::logging: tab focused event="tab.focus" subsystem="tab" outcome="ok" workspace_id="w1" tab_id="w1:t2"
2026-08-30T15:59:41.566490Z  INFO herdr::logging: session saved event="persist.save" subsystem="persist" outcome="ok" path=/home/th3g3ntl3man/.config/herdr/session.json workspaces=1
2026-08-30T16:05:33.609385Z  INFO herdr::server::headless: client resize client_id=2 cols=167 rows=38 cell_width_px=0 cell_height_px=0
2026-08-30T16:05:42.313694Z  INFO herdr::server::headless: client resize client_id=2 cols=167 rows=37 cell_width_px=0 cell_height_px=0
2026-08-30T16:05:44.814605Z  INFO herdr::server::headless: client resize client_id=2 cols=167 rows=38 cell_width_px=0 cell_height_px=0
2026-08-30T16:06:46.851864Z  INFO herdr::server::headless: client resize client_id=2 cols=167 rows=41 cell_width_px=0 cell_height_px=0
2026-08-30T16:06:54.380722Z  INFO herdr::logging: tab focused event="tab.focus" subsystem="tab" outcome="ok" workspace_id="w1" tab_id="w1:t1"
2026-08-30T16:06:57.140015Z  INFO herdr::logging: tab focused event="tab.focus" subsystem="tab" outcome="ok" workspace_id="w1" tab_id="w1:t2"
2026-08-30T16:07:02.141915Z  INFO herdr::logging: session saved event="persist.save" subsystem="persist" outcome="ok" path=/home/th3g3ntl3man/.config/herdr/session.json workspaces=1
2026-09-04T19:39:44.146691Z  INFO herdr::api::server: api server listening path=/home/th3g3ntl3man/.config/herdr/herdr.sock
2026-09-04T19:39:44.150729Z  INFO herdr::logging: spawning pane terminal event="pane.spawn.start" subsystem="pane" outcome="started" pane_id=1 rows=24 cols=80 scrollback_limit_bytes=10000000
2026-09-04T19:39:44.153203Z  INFO herdr::logging: pane child spawned event="pane.spawned" subsystem="pane" outcome="ok" pane_id=1 pid=102768
2026-09-04T19:39:44.153393Z  INFO herdr::logging: session restore evaluated event="persist.restore" subsystem="persist" outcome="ok" workspaces=1
2026-09-04T19:39:44.153404Z  INFO herdr::app: using pane scrollback configuration pane_scrollback_limit_bytes=10000000
2026-09-04T19:39:44.203541Z  INFO herdr::logging: checking for updates event="update.check.start" subsystem="update" outcome="started"
2026-09-04T19:39:44.204972Z  INFO herdr::server::headless: restored session already has workspaces; ignoring startup cwd cwd=/home/th3g3ntl3man
2026-09-04T19:39:44.205023Z  INFO herdr::server::headless: client protocol socket listening path=/home/th3g3ntl3man/.config/herdr/herdr-client.sock
2026-09-04T19:39:44.205049Z  INFO herdr::server::headless: herdr server started api_socket=/home/th3g3ntl3man/.config/herdr/herdr.sock client_socket=/home/th3g3ntl3man/.config/herdr/herdr-client.sock
2026-09-04T19:39:44.205796Z  INFO herdr::logging: herdr starting event="app.startup" subsystem="server" outcome="started" pid=102750
2026-09-04T19:39:44.264123Z  INFO herdr::server::headless: client connected client_id=2 cols=212 rows=49 cell_width_px=0 cell_height_px=0 render_encoding=SemanticFrame
2026-09-04T19:39:56.992098Z  INFO herdr::logging: integration action finished event="integration.action" subsystem="integration" outcome="ok" action="install" target="opencode"
2026-09-04T19:40:01.994360Z  INFO herdr::logging: session saved event="persist.save" subsystem="persist" outcome="ok" path=/home/th3g3ntl3man/.config/herdr/session.json workspaces=1
2026-09-04T19:42:15.730113Z  INFO herdr::server::headless: client resize client_id=2 cols=80 rows=24 cell_width_px=0 cell_height_px=0
2026-09-04T19:42:15.731188Z  INFO herdr::server::headless: client detached client_id=2
2026-09-04T19:42:15.731261Z  INFO herdr::server::headless: client disconnected client_id=2
2026-09-04T19:42:31.321800Z  INFO herdr::server::headless: client connected client_id=4 cols=212 rows=49 cell_width_px=0 cell_height_px=0 render_encoding=SemanticFrame
2026-09-04T19:42:47.744828Z  INFO herdr::server::headless: client resize client_id=4 cols=80 rows=24 cell_width_px=0 cell_height_px=0
2026-09-04T19:42:47.745952Z  INFO herdr::server::headless: client detached client_id=4
2026-09-04T19:42:47.745991Z  INFO herdr::server::headless: client disconnected client_id=4
2026-09-04T19:42:57.056690Z  INFO herdr::server::headless: client connected client_id=6 cols=212 rows=49 cell_width_px=0 cell_height_px=0 render_encoding=SemanticFrame
2026-09-04T19:43:17.964428Z  INFO herdr::logging: pane child exited event="pane.exit" subsystem="pane" outcome="completed" pane_id=1 status="ExitStatus { code: 0, signal: None }"
2026-09-04T19:43:17.965598Z  INFO herdr::pane: pane session terminated pane=1 pid=102768 signal=Hangup
2026-09-04T19:43:17.965713Z  INFO herdr::logging: spawning pane terminal event="pane.spawn.start" subsystem="pane" outcome="started" pane_id=2 rows=48 cols=186 scrollback_limit_bytes=10000000
2026-09-04T19:43:17.966710Z  INFO herdr::logging: pane child spawned event="pane.spawned" subsystem="pane" outcome="ok" pane_id=2 pid=106785
2026-09-04T19:43:17.966869Z  INFO herdr::logging: workspace created event="workspace.create" subsystem="workspace" outcome="ok" workspace_id="w3" pane_id=2
2026-09-04T19:43:17.966875Z  INFO herdr::logging: workspace focused event="workspace.focus" subsystem="workspace" outcome="ok" workspace_id="w3"
2026-09-04T19:43:17.966910Z  INFO herdr::logging: tab focused event="tab.focus" subsystem="tab" outcome="ok" workspace_id="w3" tab_id="w3:t1"
2026-09-04T19:43:20.709398Z  INFO herdr::logging: pane child exited event="pane.exit" subsystem="pane" outcome="completed" pane_id=2 status="ExitStatus { code: 127, signal: None }"
2026-09-04T19:43:20.710033Z  INFO herdr::pane: pane session terminated pane=2 pid=106785 signal=Hangup
2026-09-04T19:43:20.710241Z  INFO herdr::logging: spawning pane terminal event="pane.spawn.start" subsystem="pane" outcome="started" pane_id=3 rows=48 cols=186 scrollback_limit_bytes=10000000
2026-09-04T19:43:20.711246Z  INFO herdr::logging: pane child spawned event="pane.spawned" subsystem="pane" outcome="ok" pane_id=3 pid=106981
2026-09-04T19:43:20.711405Z  INFO herdr::logging: workspace created event="workspace.create" subsystem="workspace" outcome="ok" workspace_id="w4" pane_id=3
2026-09-04T19:43:20.711413Z  INFO herdr::logging: workspace focused event="workspace.focus" subsystem="workspace" outcome="ok" workspace_id="w4"
2026-09-04T19:43:20.711426Z  INFO herdr::logging: tab focused event="tab.focus" subsystem="tab" outcome="ok" workspace_id="w4" tab_id="w4:t1"
2026-09-04T19:43:24.141944Z  INFO herdr::logging: workspace closed event="workspace.close" subsystem="workspace" outcome="ok" workspace_id="w4"
2026-09-04T19:43:24.142692Z  INFO herdr::logging: pane child exited event="pane.exit" subsystem="pane" outcome="completed" pane_id=3 status="ExitStatus { code: 1, signal: None }"
2026-09-04T19:43:24.146349Z  INFO herdr::pane: pane session terminated pane=3 pid=106981 signal=Hangup
2026-09-04T19:43:24.146622Z  WARN herdr::app::actions: PaneDied for unknown pane pane=3
2026-09-04T19:43:24.146753Z  INFO herdr::logging: spawning pane terminal event="pane.spawn.start" subsystem="pane" outcome="started" pane_id=4 rows=48 cols=186 scrollback_limit_bytes=10000000
2026-09-04T19:43:24.148110Z  INFO herdr::logging: pane child spawned event="pane.spawned" subsystem="pane" outcome="ok" pane_id=4 pid=107122
2026-09-04T19:43:24.148257Z  INFO herdr::logging: workspace created event="workspace.create" subsystem="workspace" outcome="ok" workspace_id="w5" pane_id=4
2026-09-04T19:43:24.148264Z  INFO herdr::logging: workspace focused event="workspace.focus" subsystem="workspace" outcome="ok" workspace_id="w5"
2026-09-04T19:43:24.148275Z  INFO herdr::logging: tab focused event="tab.focus" subsystem="tab" outcome="ok" workspace_id="w5" tab_id="w5:t1"
2026-09-04T19:43:25.238453Z  INFO herdr::logging: workspace closed event="workspace.close" subsystem="workspace" outcome="ok" workspace_id="w5"
2026-09-04T19:43:25.238976Z  INFO herdr::logging: pane child exited event="pane.exit" subsystem="pane" outcome="completed" pane_id=4 status="ExitStatus { code: 1, signal: None }"
2026-09-04T19:43:25.241601Z  INFO herdr::pane: pane session terminated pane=4 pid=107122 signal=Hangup
2026-09-04T19:43:25.241839Z  WARN herdr::app::actions: PaneDied for unknown pane pane=4
2026-09-04T19:43:25.241952Z  INFO herdr::logging: spawning pane terminal event="pane.spawn.start" subsystem="pane" outcome="started" pane_id=5 rows=48 cols=186 scrollback_limit_bytes=10000000
2026-09-04T19:43:25.243117Z  INFO herdr::logging: pane child spawned event="pane.spawned" subsystem="pane" outcome="ok" pane_id=5 pid=107236
2026-09-04T19:43:25.243294Z  INFO herdr::logging: workspace created event="workspace.create" subsystem="workspace" outcome="ok" workspace_id="w6" pane_id=5
2026-09-04T19:43:25.243328Z  INFO herdr::logging: workspace focused event="workspace.focus" subsystem="workspace" outcome="ok" workspace_id="w6"
2026-09-04T19:43:25.243341Z  INFO herdr::logging: tab focused event="tab.focus" subsystem="tab" outcome="ok" workspace_id="w6" tab_id="w6:t1"
2026-09-04T19:43:30.248972Z  INFO herdr::logging: session saved event="persist.save" subsystem="persist" outcome="ok" path=/home/th3g3ntl3man/.config/herdr/session.json workspaces=1
2026-09-04T19:43:32.604391Z  INFO herdr::server::headless: client resize client_id=6 cols=80 rows=24 cell_width_px=0 cell_height_px=0
2026-09-04T19:43:32.605423Z  INFO herdr::server::headless: client detached client_id=6
2026-09-04T19:43:32.605500Z  INFO herdr::server::headless: client disconnected client_id=6
2026-09-04T20:09:44.204838Z  INFO herdr::logging: checking for updates event="update.check.start" subsystem="update" outcome="started"
2026-09-04T20:39:44.206728Z  INFO herdr::logging: checking for updates event="update.check.start" subsystem="update" outcome="started"
2026-09-04T21:09:44.207915Z  INFO herdr::logging: checking for updates event="update.check.start" subsystem="update" outcome="started"
2026-09-04T21:39:44.209407Z  INFO herdr::logging: checking for updates event="update.check.start" subsystem="update" outcome="started"
2026-09-04T22:09:44.210353Z  INFO herdr::logging: checking for updates event="update.check.start" subsystem="update" outcome="started"
2026-09-04T22:39:44.211124Z  INFO herdr::logging: checking for updates event="update.check.start" subsystem="update" outcome="started"
2026-09-04T22:39:47.229981Z  WARN herdr::detect::manifest_update: agent detection manifest update failed: failed to fetch https://herdr.dev/agent-detection/index.toml
2026-09-04T22:39:51.232847Z  WARN herdr::logging: update check failed event="update.check.complete" subsystem="update" outcome="error" err="failed to fetch update manifest"
2026-09-04T23:09:44.212781Z  INFO herdr::logging: checking for updates event="update.check.start" subsystem="update" outcome="started"
2026-09-04T23:39:44.214717Z  INFO herdr::logging: checking for updates event="update.check.start" subsystem="update" outcome="started"
2026-09-05T00:09:44.215861Z  INFO herdr::logging: checking for updates event="update.check.start" subsystem="update" outcome="started"
